2000, 2000, 1, 6, 3, "4"
2001, 2000, 1, 5, 3, "4"
