0, 0, 1, 2, 3, "4"
0, 0, 1, 2, 3, "5"
1, 0, 1, 2, 3, "6"
1, 0, 1, 2, 3, "7"
5, 0, 1, 2, 3, "8"
