0, 0, 1000, 5, 3, "4"
2, 2, 1000, 11, 3, "4"
3, 3, 1000, 6, 3, "4"
7, 7, 1000, 10, 3, "4"
8, 8, 1000, 9, 3, "4"
9, 9, 1000, 8, 3, "4"
10, 10, 1000, 7, 3, "4"
10, 10, 1000, 12, 3, "4"
10, 10, 1000, 13, 3, "4"
10, 10, 1000, 14, 3, "4"
10, 10, 1000, 15, 3, "4"
10, 10, 1000, 16, 3, "4"
10, 10, 1000, 17, 3, "4"
10, 10, 1000, 18, 3, "4"
10, 10, 1000, 19, 3, "4"
10, 10, 1000, 20, 3, "4"
10, 10, 1000, 21, 3, "4"
10, 10, 1000, 22, 3, "4"
10, 10, 1000, 23, 3, "4"
10, 10, 1000, 24, 3, "4"
