10, 10, 10000009, 2, 3, "4"
10, 10, 10000008, 2, 3, "4"
10, 7, 10000005, 2, 3, "4"
10, 0, 10000003, 2, 3, "4"
22, 0, 10000001, 2, 3, "4"
