100000000, 0, 5, 2, 3, "4"
100000000, 0, 6, 2, 3, "4"
100000001, 1, 16, 2, 3, "4"
100000001, 1, 14, 2, 3, "4"
100000001, 1, 12, 2, 3, "4"
100000001, 1, 10, 2, 3, "4"
100000001, 1, 8, 2, 3, "4"
100000001, 1, 7, 2, 3, "4"
100000001, 1, 9, 2, 3, "4"
100000001, 1, 11, 2, 3, "4"
