11, 8, 100, 2, 700, "4"
12, 7, 100, 2, 600, "4"
13, 7, 100, 2, 500, "4"
