0, 0, 1, 2, 3, "6"
10, 10, 1, 2, 3, "7"
10, 10, 1, 2, 3, "4"
10, 10, 1, 2, 3, "5"
10, 10, 1, 2, 3, "9"
