0, 0, 300, 200, 20, "CURVED_DECORATIVE_JAPANESE"
4, 3, 1000, 1000, 1, "TREE_WITH_FRESH_SHAVE"
5, 4, 20, 20, 72, "MINECRAFT_PROPRIETARY_BAD"
7, 4, 100, 150, 10, "SCOTTISH_VARIANT"
8, 2, 200, 50, 100, "SHISH_KABOB"
